src/application/useCases/CreateVehicle.ts(21,13): error TS2345: Argument of type 'string | undefined' is not assignable to parameter of type '"in-yard" | "out-of-yard" | undefined'.
  Type 'string' is not assignable to type '"in-yard" | "out-of-yard" | undefined'.
src/application/useCases/UpdateVehicle.ts(29,13): error TS2345: Argument of type 'string | undefined' is not assignable to parameter of type '"in-yard" | "out-of-yard" | undefined'.
  Type 'string' is not assignable to type '"in-yard" | "out-of-yard" | undefined'.
