[dotenv@17.2.4] injecting env (13) from .env -- tip: ΓÜÖ∩╕Å  specify custom .env file path with { path: '/custom/path/.env' }
Connected to MongoDB: mongodb://localhost:27017/ctracklocal
Fetching activities...
Found activities: 5
Fetching charges...
Found charges: 10
Test completed successfully
