node_modules/mongoose/types/index.d.ts(951,17): error TS2300: Duplicate identifier 'UUIDToJSON'.
node_modules/mongoose/types/index.d.ts(998,15): error TS2300: Duplicate identifier 'UUIDToJSON'.
node_modules/socket.io/dist/index.d.ts(1,8): error TS1192: Module '"http"' has no default export.
src/application/useCases/CreateRazorpayOrder.ts(1,8): error TS1259: Module '"C:/ashok/Brototype/secondProject/cTrack/server/node_modules/razorpay/dist/razorpay"' can only be default-imported using the 'esModuleInterop' flag
src/application/useCases/CreateRazorpayOrder.ts(62,74): error TS2554: Expected 0-1 arguments, but got 2.
src/application/useCases/VerifyRazorpayPayment.ts(1,8): error TS1192: Module '"crypto"' has no default export.
src/infrastructure/config/appConfig.ts(1,8): error TS1192: Module '"C:/ashok/Brototype/secondProject/cTrack/server/node_modules/dotenv/lib/main"' has no default export.
src/presentation/controllers/BillingController.ts(150,24): error TS2339: Property 'user' does not exist on type 'Request<ParamsDictionary, any, any, ParsedQs, Record<string, any>>'.
src/presentation/controllers/BillingController.ts(164,24): error TS2339: Property 'user' does not exist on type 'Request<ParamsDictionary, any, any, ParsedQs, Record<string, any>>'.
src/presentation/controllers/BillingController.ts(254,24): error TS2339: Property 'user' does not exist on type 'Request<ParamsDictionary, any, any, ParsedQs, Record<string, any>>'.
src/presentation/controllers/BillingController.ts(337,24): error TS2339: Property 'user' does not exist on type 'Request<ParamsDictionary, any, any, ParsedQs, Record<string, any>>'.
src/presentation/controllers/BillingController.ts(366,24): error TS2339: Property 'user' does not exist on type 'Request<ParamsDictionary, any, any, ParsedQs, Record<string, any>>'.
src/presentation/controllers/BillingController.ts(408,24): error TS2339: Property 'user' does not exist on type 'Request<ParamsDictionary, any, any, ParsedQs, Record<string, any>>'.
